INSTAL YARN PACKAGE

$ npm install -g create-react-native-app
$ create-react-native-app <project_name>

// install yarn package from download: https://yarnpkg.com/lang/en/docs/install/

$ yarn global add yarn-install

OR

npm install yarn -global
C:\Users\QUOC CUONG\AppData\Roaming\npm\yarn -> C:\Users\QUOC CUONG\AppData\Roam
ing\npm\node_modules\yarn\bin\yarn.js

===================================
$ yarn android

===================================
Babel command line interface and preset flow

$ yarn add --dev babel-cli babel-preset-flow

$ nano .babelrc

$ yarn add --dev flow-bin

$ yarn run flow

Wrong version of Flow. The config specifies version ^0.67.0 but this is version
0.69.0
Could not start Flow server!

$ yarn add --dev flow-bin@0.67.0

=> RESULT:
$ E:\learning\reactnative\tutorial\node_modules\.bin\flow
Launching Flow server for E:\learning\reactnative\tutorial
Spawned flow server (pid=8232)
Logs will go to C:\Users\QUOCCU~1\AppData\Local\Temp\flow\EzCzBlearningzBtivezBtutorial.log
Monitor logs will go to C:\Users\QUOCCU~1\AppData\Local\Temp\flow\EzCzBleBreactnativezBtutorial.monitor_log
‚Üê[0KNo errors!t. Server is handling a request (collating errors): |%)): |
Done in 34.10s.

===================================
Video 3.

export = public
default = make this class "default" when you import from other files

_ export default class HelloWorld extends Component { // public component

JSX = javascript extension
<Text>{ hello }</Text>

let = cannot re-assign to other type but can change value

===================================
04-Customize React Native components using Props

<Image source={ {uri:"link_image"} }></Image>
_ "source" = props of Image = "public property" of Image component

_ add 'width' and 'height' for show image
_ 'var': you can change the value to any type.

// object
var imageSource = { 
            uri:"https://upload.wikimedia.org/wikipedia/commons/thumb/0/05/HONDA_ASIMO.jpg/200px-HONDA_ASIMO.jpg" 
};

// string
imageSource = 'abc';

_ 'const': cannot change value

_ class Greeting extends Component { // private component

_ 'props': public property
